[2019-07-27T09:47:12.066+0000][72][gc] Using Concurrent Mark Sweep
[2019-07-27T09:47:12.066+0000][72][gc,heap,coops] Heap address: 0x00000000e0000000, size: 512 MB, Compressed Oops mode: 32-bit
[2019-07-27T09:47:12.149+0000][72][safepoint    ] Entering safepoint region: EnableBiasedLocking
[2019-07-27T09:47:12.149+0000][72][safepoint    ] Leaving safepoint region
[2019-07-27T09:47:12.149+0000][72][safepoint    ] Total time for which application threads were stopped: 0.0022046 seconds, Stopping threads took: 0.0021528 seconds
[2019-07-27T09:47:12.150+0000][72][gc,heap,exit ] Heap
[2019-07-27T09:47:12.150+0000][72][gc,heap,exit ]  par new generation   total 153344K, used 8179K [0x00000000e0000000, 0x00000000ea660000, 0x00000000ea660000)
[2019-07-27T09:47:12.150+0000][72][gc,heap,exit ]   eden space 136320K,   6% used [0x00000000e0000000, 0x00000000e07fce68, 0x00000000e8520000)
[2019-07-27T09:47:12.150+0000][72][gc,heap,exit ]   from space 17024K,   0% used [0x00000000e8520000, 0x00000000e8520000, 0x00000000e95c0000)
[2019-07-27T09:47:12.150+0000][72][gc,heap,exit ]   to   space 17024K,   0% used [0x00000000e95c0000, 0x00000000e95c0000, 0x00000000ea660000)
[2019-07-27T09:47:12.150+0000][72][gc,heap,exit ]  concurrent mark-sweep generation total 353920K, used 0K [0x00000000ea660000, 0x0000000100000000, 0x0000000100000000)
[2019-07-27T09:47:12.150+0000][72][gc,heap,exit ]  Metaspace       used 141K, capacity 4480K, committed 4480K, reserved 1056768K
[2019-07-27T09:47:12.150+0000][72][gc,heap,exit ]   class space    used 3K, capacity 384K, committed 384K, reserved 1048576K
[2019-07-27T09:47:12.150+0000][72][safepoint    ] Application time: 0.0008902 seconds
[2019-07-27T09:47:12.150+0000][72][safepoint    ] Entering safepoint region: Halt
